// Jest Snapshot v1, https://goo.gl/fbAQLP

exports[`The Header component renders header correctly 1`] = `[Function]`;
